../Core/Src/main.c:98:9:debounce	16	static
../Core/Src/main.c:118:6:HienThiCacDonVi	16	static
../Core/Src/main.c:273:6:SendWarning	24	static
../Core/Src/main.c:293:5:CanhBao	16	static
../Core/Src/main.c:308:6:HAL_UART_RxCpltCallback	24	static
../Core/Src/main.c:326:6:BuzzerSound	8	static
../Core/Src/main.c:351:5:main	128	static
../Core/Src/main.c:445:6:SystemClock_Config	88	static
../Core/Src/main.c:492:13:MX_ADC1_Init	24	static
../Core/Src/main.c:557:13:MX_I2C1_Init	8	static
../Core/Src/main.c:591:13:MX_USART1_UART_Init	8	static
../Core/Src/main.c:622:13:MX_DMA_Init	16	static
../Core/Src/main.c:640:13:MX_GPIO_Init	40	static
../Core/Src/main.c:685:6:DisplayLCD	16	static
../Core/Src/main.c:704:6:Warning	16	static
../Core/Src/main.c:727:6:TogglePin	16	static
../Core/Src/main.c:762:6:ReadADC	16	static
../Core/Src/main.c:784:6:HAL_TIM_PeriodElapsedCallback	16	static
../Core/Src/main.c:801:6:Error_Handler	4	static,ignoring_inline_asm
